AEException1.java:35: <identifier> expected
    one, two;
       ^
1 error
