AEException3.java:36: call to super not allowed in enum constructor
        super();
        ^
1 error
